features/announcements/components/announcement-composer.tsx(45,8): error TS17008: JSX element 'div' has no corresponding closing tag.
features/announcements/components/course-stream.tsx(105,6): error TS17008: JSX element 'div' has no corresponding closing tag.
features/announcements/components/course-stream.tsx(119,10): error TS17008: JSX element 'span' has no corresponding closing tag.
features/announcements/components/course-stream.tsx(163,8): error TS1381: Unexpected token. Did you mean `{'}'}` or `&rbrace;`?
features/announcements/components/course-stream.tsx(165,4): error TS1005: ':' expected.
features/announcements/components/course-stream.tsx(166,1): error TS1381: Unexpected token. Did you mean `{'}'}` or `&rbrace;`?
features/announcements/components/course-stream.tsx(167,1): error TS1005: '</' expected.
features/assignments/components/asprak-assignment-detail-page.tsx(12,3): error TS1005: ',' expected.
features/assignments/components/asprak-assignment-detail-page.tsx(205,10): error TS17008: JSX element 'span' has no corresponding closing tag.
features/assignments/components/asprak-assignment-detail-page.tsx(209,11): error TS17002: Expected corresponding JSX closing tag for 'div'.
features/assignments/components/asprak-assignment-detail-page.tsx(210,9): error TS17002: Expected corresponding JSX closing tag for 'section'.
features/assignments/components/asprak-assignment-detail-page.tsx(212,7): error TS1005: ')' expected.
features/assignments/components/asprak-assignment-detail-page.tsx(222,8): error TS17008: JSX element 'dl' has no corresponding closing tag.
features/assignments/components/asprak-assignment-detail-page.tsx(223,10): error TS17008: JSX element 'div' has no corresponding closing tag.
features/assignments/components/asprak-assignment-detail-page.tsx(228,12): error TS17008: JSX element 'dd' has no corresponding closing tag.
features/assignments/components/asprak-assignment-detail-page.tsx(229,8): error TS17008: JSX element 'dl' has no corresponding closing tag.
features/assignments/components/asprak-assignment-detail-page.tsx(243,10): error TS17008: JSX element 'div' has no corresponding closing tag.
features/assignments/components/asprak-assignment-detail-page.tsx(248,12): error TS17008: JSX element 'dd' has no corresponding closing tag.
features/assignments/components/asprak-assignment-detail-page.tsx(281,9): error TS17002: Expected corresponding JSX closing tag for 'dd'.
features/assignments/components/asprak-assignment-detail-page.tsx(282,7): error TS17002: Expected corresponding JSX closing tag for 'div'.
features/assignments/components/asprak-assignment-detail-page.tsx(284,1): error TS1381: Unexpected token. Did you mean `{'}'}` or `&rbrace;`?
features/assignments/components/asprak-assignment-detail-page.tsx(291,3): error TS1109: Expression expected.
features/assignments/components/asprak-assignment-detail-page.tsx(292,56): error TS1382: Unexpected token. Did you mean `{'>'}` or `&gt;`?
features/assignments/components/asprak-assignment-detail-page.tsx(301,12): error TS1005: '}' expected.
features/assignments/components/asprak-assignment-detail-page.tsx(301,59): error TS1382: Unexpected token. Did you mean `{'>'}` or `&gt;`?
features/assignments/components/asprak-assignment-detail-page.tsx(302,3): error TS1381: Unexpected token. Did you mean `{'}'}` or `&rbrace;`?
features/assignments/components/asprak-assignment-detail-page.tsx(305,5): error TS1109: Expression expected.
features/assignments/components/asprak-assignment-detail-page.tsx(310,3): error TS1381: Unexpected token. Did you mean `{'}'}` or `&rbrace;`?
features/assignments/components/asprak-assignment-detail-page.tsx(313,5): error TS1109: Expression expected.
features/assignments/components/asprak-assignment-detail-page.tsx(324,3): error TS1381: Unexpected token. Did you mean `{'}'}` or `&rbrace;`?
features/assignments/components/asprak-assignment-detail-page.tsx(327,5): error TS1109: Expression expected.
features/assignments/components/asprak-assignment-detail-page.tsx(349,3): error TS1381: Unexpected token. Did you mean `{'}'}` or `&rbrace;`?
features/assignments/components/asprak-assignment-detail-page.tsx(352,5): error TS1109: Expression expected.
features/assignments/components/asprak-assignment-detail-page.tsx(357,3): error TS1381: Unexpected token. Did you mean `{'}'}` or `&rbrace;`?
features/assignments/components/asprak-assignment-detail-page.tsx(360,5): error TS1109: Expression expected.
features/assignments/components/asprak-assignment-detail-page.tsx(371,3): error TS1381: Unexpected token. Did you mean `{'}'}` or `&rbrace;`?
features/assignments/components/asprak-assignment-detail-page.tsx(376,5): error TS1109: Expression expected.
features/assignments/components/asprak-assignment-detail-page.tsx(398,3): error TS1381: Unexpected token. Did you mean `{'}'}` or `&rbrace;`?
features/assignments/components/asprak-assignment-detail-page.tsx(439,1): error TS1381: Unexpected token. Did you mean `{'}'}` or `&rbrace;`?
features/assignments/components/asprak-assignment-detail-page.tsx(445,3): error TS1109: Expression expected.
features/assignments/components/asprak-assignment-detail-page.tsx(445,38): error TS1382: Unexpected token. Did you mean `{'>'}` or `&gt;`?
features/assignments/components/asprak-assignment-detail-page.tsx(448,5): error TS1109: Expression expected.
features/assignments/components/asprak-assignment-detail-page.tsx(449,3): error TS1381: Unexpected token. Did you mean `{'}'}` or `&rbrace;`?
features/assignments/components/asprak-assignment-detail-page.tsx(452,5): error TS1109: Expression expected.
features/assignments/components/asprak-assignment-detail-page.tsx(473,3): error TS1381: Unexpected token. Did you mean `{'}'}` or `&rbrace;`?
features/assignments/components/asprak-assignment-detail-page.tsx(482,1): error TS1381: Unexpected token. Did you mean `{'}'}` or `&rbrace;`?
features/assignments/components/asprak-assignment-detail-page.tsx(483,1): error TS1005: '</' expected.
features/assignments/components/assignment-card.tsx(35,6): error TS17008: JSX element 'article' has no corresponding closing tag.
features/assignments/components/assignment-card.tsx(38,8): error TS17008: JSX element 'div' has no corresponding closing tag.
features/assignments/components/assignment-card.tsx(39,6): error TS17008: JSX element 'article' has no corresponding closing tag.
features/assignments/components/assignment-card.tsx(40,8): error TS17008: JSX element 'div' has no corresponding closing tag.
features/assignments/components/assignment-card.tsx(41,10): error TS17008: JSX element 'div' has no corresponding closing tag.
features/assignments/components/assignment-card.tsx(55,14): error TS17008: JSX element 'span' has no corresponding closing tag.
features/assignments/components/assignment-card.tsx(76,11): error TS17002: Expected corresponding JSX closing tag for 'h3'.
features/assignments/components/assignment-card.tsx(81,12): error TS17008: JSX element 'span' has no corresponding closing tag.
features/assignments/components/assignment-card.tsx(85,11): error TS1005: ')' expected.
features/assignments/components/assignment-card.tsx(87,12): error TS17008: JSX element 'span' has no corresponding closing tag.
features/assignments/components/assignment-card.tsx(96,32): error TS1381: Unexpected token. Did you mean `{'}'}` or `&rbrace;`?
features/assignments/components/assignment-card.tsx(98,10): error TS1381: Unexpected token. Did you mean `{'}'}` or `&rbrace;`?
features/assignments/components/assignment-card.tsx(102,10): error TS17008: JSX element 'p' has no corresponding closing tag.
features/assignments/components/assignment-card.tsx(113,8): error TS1381: Unexpected token. Did you mean `{'}'}` or `&rbrace;`?
features/assignments/components/assignment-card.tsx(114,15): error TS1381: Unexpected token. Did you mean `{'}'}` or `&rbrace;`?
features/assignments/components/assignment-card.tsx(116,8): error TS17008: JSX element 'dl' has no corresponding closing tag.
features/assignments/components/assignment-card.tsx(179,9): error TS17002: Expected corresponding JSX closing tag for 'div'.
features/assignments/components/assignment-card.tsx(194,7): error TS17002: Expected corresponding JSX closing tag for 'div'.
features/assignments/components/assignment-card.tsx(196,1): error TS1381: Unexpected token. Did you mean `{'}'}` or `&rbrace;`?
features/assignments/components/assignment-card.tsx(197,1): error TS1005: '</' expected.
features/assignments/components/assignment-composer.tsx(100,8): error TS17008: JSX element 'div' has no corresponding closing tag.
features/assignments/components/assignment-submissions.tsx(11,3): error TS1005: ',' expected.
features/assignments/components/assignment-submissions.tsx(217,6): error TS17008: JSX element 'section' has no corresponding closing tag.
features/assignments/components/assignment-submissions.tsx(222,8): error TS17008: JSX element 'div' has no corresponding closing tag.
features/assignments/components/assignment-submissions.tsx(237,10): error TS17008: JSX element 'span' has no corresponding closing tag.
features/assignments/components/assignment-submissions.tsx(258,12): error TS17008: JSX element 'h3' has no corresponding closing tag.
features/assignments/components/assignment-submissions.tsx(266,12): error TS17014: JSX fragment has no corresponding closing tag.
features/assignments/components/assignment-submissions.tsx(333,14): error TS17008: JSX element 'div' has no corresponding closing tag.
features/assignments/components/assignment-submissions.tsx(341,20): error TS17008: JSX element 'article' has no corresponding closing tag.
features/assignments/components/assignment-submissions.tsx(392,22): error TS17008: JSX element 'dl' has no corresponding closing tag.
features/assignments/components/assignment-submissions.tsx(407,27): error TS17002: Expected corresponding JSX closing tag for 'div'.
features/assignments/components/assignment-submissions.tsx(411,25): error TS17002: Expected corresponding JSX closing tag for 'dl'.
features/assignments/components/assignment-submissions.tsx(426,23): error TS17002: Expected corresponding JSX closing tag for 'dd'.
features/assignments/components/assignment-submissions.tsx(434,26): error TS17008: JSX element 'p' has no corresponding closing tag.
features/assignments/components/assignment-submissions.tsx(439,29): error TS1381: Unexpected token. Did you mean `{'}'}` or `&rbrace;`?
features/assignments/components/assignment-submissions.tsx(499,21): error TS17002: Expected corresponding JSX closing tag for 'div'.
features/assignments/components/assignment-submissions.tsx(500,18): error TS1005: ':' expected.
features/assignments/components/assignment-submissions.tsx(501,15): error TS1381: Unexpected token. Did you mean `{'}'}` or `&rbrace;`?
features/assignments/components/assignment-submissions.tsx(501,17): error TS1381: Unexpected token. Did you mean `{'}'}` or `&rbrace;`?
features/assignments/components/assignment-submissions.tsx(503,12): error TS1381: Unexpected token. Did you mean `{'}'}` or `&rbrace;`?
features/assignments/components/assignment-submissions.tsx(504,11): error TS1003: Identifier expected.
features/assignments/components/assignment-submissions.tsx(505,8): error TS1381: Unexpected token. Did you mean `{'}'}` or `&rbrace;`?
features/assignments/components/assignment-submissions.tsx(506,7): error TS17002: Expected corresponding JSX closing tag for 'div'.
features/assignments/components/assignment-submissions.tsx(508,1): error TS1381: Unexpected token. Did you mean `{'}'}` or `&rbrace;`?
features/assignments/components/assignment-submissions.tsx(509,1): error TS1005: '</' expected.
features/assignments/components/course-assignments.tsx(170,12): error TS17008: JSX element 'h3' has no corresponding closing tag.
features/assignments/components/praktikan-submission-summary.tsx(37,6): error TS17008: JSX element 'section' has no corresponding closing tag.
features/assignments/components/praktikan-submission-summary.tsx(38,8): error TS17008: JSX element 'div' has no corresponding closing tag.
features/assignments/components/praktikan-submission-summary.tsx(39,8): error TS17008: JSX element 'div' has no corresponding closing tag.
features/assignments/components/praktikan-submission-summary.tsx(46,12): error TS17008: JSX element 'span' has no corresponding closing tag.
features/assignments/components/praktikan-submission-summary.tsx(54,11): error TS17002: Expected corresponding JSX closing tag for 'span'.
features/assignments/components/praktikan-submission-summary.tsx(56,8): error TS17008: JSX element 'dl' has no corresponding closing tag.
features/assignments/components/praktikan-submission-summary.tsx(57,10): error TS17008: JSX element 'div' has no corresponding closing tag.
features/assignments/components/praktikan-submission-summary.tsx(61,8): error TS17008: JSX element 'dl' has no corresponding closing tag.
features/assignments/components/praktikan-submission-summary.tsx(68,10): error TS17008: JSX element 'div' has no corresponding closing tag.
features/assignments/components/praktikan-submission-summary.tsx(70,12): error TS17008: JSX element 'dd' has no corresponding closing tag.
features/assignments/components/praktikan-submission-summary.tsx(77,10): error TS17008: JSX element 'div' has no corresponding closing tag.
features/assignments/components/praktikan-submission-summary.tsx(79,12): error TS17008: JSX element 'dd' has no corresponding closing tag.
features/assignments/components/praktikan-submission-summary.tsx(95,9): error TS17002: Expected corresponding JSX closing tag for 'dd'.
features/assignments/components/praktikan-submission-summary.tsx(98,12): error TS17008: JSX element 'p' has no corresponding closing tag.
features/assignments/components/praktikan-submission-summary.tsx(121,7): error TS17002: Expected corresponding JSX closing tag for 'div'.
features/assignments/components/praktikan-submission-summary.tsx(123,1): error TS1381: Unexpected token. Did you mean `{'}'}` or `&rbrace;`?
features/assignments/components/praktikan-submission-summary.tsx(124,1): error TS1005: '</' expected.
features/attendance/components/praktikan-attendance-history.tsx(48,5): error TS2657: JSX expressions must have one parent element.
features/attendance/components/session-attendance-register.tsx(11,3): error TS1005: ',' expected.
features/attendance/components/session-attendance-register.tsx(300,8): error TS17008: JSX element 'div' has no corresponding closing tag.
features/attendance/components/session-attendance-register.tsx(316,11): error TS1381: Unexpected token. Did you mean `{'}'}` or `&rbrace;`?
features/attendance/components/session-attendance-register.tsx(318,7): error TS1005: ')' expected.
features/attendance/components/session-attendance-register.tsx(449,8): error TS17008: JSX element 'div' has no corresponding closing tag.
features/courses/components/course-roster.tsx(50,6): error TS17008: JSX element 'section' has no corresponding closing tag.
features/courses/components/course-roster.tsx(66,9): error TS1003: Identifier expected.
features/courses/components/course-roster.tsx(72,13): error TS17002: Expected corresponding JSX closing tag for 'h2'.
features/courses/components/course-roster.tsx(86,13): error TS17002: Expected corresponding JSX closing tag for 'div'.
features/courses/components/course-roster.tsx(190,12): error TS17008: JSX element 'h3' has no corresponding closing tag.
features/courses/components/course-roster.tsx(216,18): error TS17008: JSX element 'span' has no corresponding closing tag.
features/courses/components/course-roster.tsx(225,16): error TS17008: JSX element 'div' has no corresponding closing tag.
features/courses/components/course-roster.tsx(255,15): error TS1381: Unexpected token. Did you mean `{'}'}` or `&rbrace;`?
features/courses/components/course-roster.tsx(256,7): error TS17002: Expected corresponding JSX closing tag for 'ul'.
features/courses/components/course-roster.tsx(257,4): error TS1005: ':' expected.
features/courses/components/course-roster.tsx(258,1): error TS1381: Unexpected token. Did you mean `{'}'}` or `&rbrace;`?
features/courses/components/course-roster.tsx(259,1): error TS1005: '</' expected.
features/courses/components/course-workspace-navigation.tsx(28,7): error TS1005: ';' expected.
features/courses/components/course-workspace-navigation.tsx(36,7): error TS1005: ';' expected.
features/courses/components/course-workspace-navigation.tsx(47,1): error TS1131: Property or signature expected.
features/courses/components/course-workspace-navigation.tsx(113,6): error TS17008: JSX element 'div' has no corresponding closing tag.
features/courses/components/course-workspace-navigation.tsx(114,6): error TS17008: JSX element 'div' has no corresponding closing tag.
features/courses/components/course-workspace-navigation.tsx(115,8): error TS17008: JSX element 'div' has no corresponding closing tag.
features/courses/components/course-workspace-navigation.tsx(142,26): error TS1136: Property assignment expected.
features/courses/components/course-workspace-navigation.tsx(159,1): error TS1005: '</' expected.
features/courses/components/course-workspace-navigation.tsx(159,1): error TS1160: Unterminated template literal.
features/courses/components/praktikan-course-list.tsx(47,6): error TS17008: JSX element 'div' has no corresponding closing tag.
features/courses/components/praktikan-course-list.tsx(48,8): error TS17008: JSX element 'div' has no corresponding closing tag.
features/courses/components/praktikan-course-list.tsx(69,9): error TS2657: JSX expressions must have one parent element.
features/courses/components/praktikan-course-list.tsx(72,9): error TS2657: JSX expressions must have one parent element.
features/courses/components/praktikan-course-list.tsx(75,9): error TS2657: JSX expressions must have one parent element.
features/courses/components/praktikan-course-list.tsx(80,1): error TS1381: Unexpected token. Did you mean `{'}'}` or `&rbrace;`?
features/courses/components/praktikan-course-list.tsx(81,1): error TS1005: '</' expected.
features/courses/components/praktikan-course-membership.tsx(8,6): error TS17008: JSX element 'section' has no corresponding closing tag.
features/courses/components/praktikan-course-membership.tsx(9,8): error TS17008: JSX element 'div' has no corresponding closing tag.
features/courses/components/praktikan-course-membership.tsx(35,1): error TS1381: Unexpected token. Did you mean `{'}'}` or `&rbrace;`?
features/courses/components/praktikan-course-membership.tsx(36,1): error TS1005: '</' expected.
features/exports/components/session-export-panel.tsx(152,8): error TS17008: JSX element 'div' has no corresponding closing tag.
features/grades/components/session-gradebook.tsx(262,6): error TS17008: JSX element 'form' has no corresponding closing tag.
features/grades/components/session-gradebook.tsx(263,8): error TS17008: JSX element 'div' has no corresponding closing tag.
features/grades/components/session-gradebook.tsx(372,7): error TS17002: Expected corresponding JSX closing tag for 'div'.
features/grades/components/session-gradebook.tsx(374,1): error TS1381: Unexpected token. Did you mean `{'}'}` or `&rbrace;`?
features/grades/components/session-gradebook.tsx(382,3): error TS1109: Expression expected.
features/grades/components/session-gradebook.tsx(383,66): error TS1005: '}' expected.
features/grades/components/session-gradebook.tsx(383,73): error TS1381: Unexpected token. Did you mean `{'}'}` or `&rbrace;`?
features/grades/components/session-gradebook.tsx(384,69): error TS1005: '}' expected.
features/grades/components/session-gradebook.tsx(384,97): error TS1381: Unexpected token. Did you mean `{'}'}` or `&rbrace;`?
features/grades/components/session-gradebook.tsx(389,32): error TS1005: '}' expected.
features/grades/components/session-gradebook.tsx(391,3): error TS1381: Unexpected token. Did you mean `{'}'}` or `&rbrace;`?
features/grades/components/session-gradebook.tsx(395,8): error TS17008: JSX element 'div' has no corresponding closing tag.
features/grades/components/session-gradebook.tsx(451,1): error TS1381: Unexpected token. Did you mean `{'}'}` or `&rbrace;`?
features/grades/components/session-gradebook.tsx(452,1): error TS1005: '</' expected.
features/modules/components/course-modules.tsx(265,67): error TS1003: Identifier expected.
features/modules/components/course-modules.tsx(265,68): error TS1002: Unterminated string literal.
features/modules/components/course-modules.tsx(266,13): error TS1382: Unexpected token. Did you mean `{'>'}` or `&gt;`?
features/modules/components/course-modules.tsx(280,15): error TS17002: Expected corresponding JSX closing tag for 'h3'.
features/modules/components/course-modules.tsx(293,12): error TS1381: Unexpected token. Did you mean `{'}'}` or `&rbrace;`?
features/modules/components/module-card.tsx(36,6): error TS17008: JSX element 'article' has no corresponding closing tag.
features/modules/components/module-card.tsx(37,8): error TS17008: JSX element 'div' has no corresponding closing tag.
features/modules/components/module-card.tsx(66,12): error TS17008: JSX element 'h3' has no corresponding closing tag.
features/modules/components/module-card.tsx(134,1): error TS1381: Unexpected token. Did you mean `{'}'}` or `&rbrace;`?
features/modules/components/module-card.tsx(135,1): error TS1005: '</' expected.
features/modules/components/module-upload-form.tsx(305,7): error TS1003: Identifier expected.
features/modules/components/module-upload-form.tsx(311,11): error TS17002: Expected corresponding JSX closing tag for 'h3'.
features/modules/components/module-upload-form.tsx(313,11): error TS17002: Expected corresponding JSX closing tag for 'div'.
features/sessions/components/asprak-session-detail-page.tsx(10,3): error TS1005: ',' expected.
features/sessions/components/asprak-session-detail-page.tsx(118,7): error TS1128: Declaration or statement expected.
features/sessions/components/asprak-session-detail-page.tsx(123,9): error TS1128: Declaration or statement expected.
features/sessions/components/course-sessions.tsx(131,6): error TS17008: JSX element 'section' has no corresponding closing tag.
features/sessions/components/course-sessions.tsx(289,12): error TS1381: Unexpected token. Did you mean `{'}'}` or `&rbrace;`?
features/sessions/components/course-sessions.tsx(290,11): error TS1003: Identifier expected.
features/sessions/components/course-sessions.tsx(292,7): error TS17015: Expected corresponding closing tag for JSX fragment.
features/sessions/components/course-sessions.tsx(292,14): error TS1382: Unexpected token. Did you mean `{'>'}` or `&gt;`?
features/sessions/components/course-sessions.tsx(294,1): error TS1381: Unexpected token. Did you mean `{'}'}` or `&rbrace;`?
features/sessions/components/course-sessions.tsx(295,1): error TS1005: '</' expected.
features/sessions/components/session-card.tsx(100,6): error TS17008: JSX element 'article' has no corresponding closing tag.
features/sessions/components/session-card.tsx(101,8): error TS17008: JSX element 'div' has no corresponding closing tag.
features/sessions/components/session-card.tsx(110,12): error TS17008: JSX element 'h3' has no corresponding closing tag.
features/sessions/components/session-card.tsx(227,1): error TS1381: Unexpected token. Did you mean `{'}'}` or `&rbrace;`?
features/sessions/components/session-card.tsx(228,1): error TS1005: '</' expected.
[ELIFECYCLE] Command failed with exit code 1.

$ tsc --noEmit
